
> client@0.1.0 build
> react-scripts build

node.exe : (node:24456) [DEP0176] DeprecationWarning: fs.F_OK is deprecated, 
use fs.constants.F_OK instead
At line:1 char:1
+ & "E:\nodejs/node.exe" "C:\Users\ABC\AppData\Roaming\npm/node_modules ...
+ ~~~~~~~~~~~~~~~~~~~~~~~~~~~~~~~~~~~~~~~~~~~~~~~~~~~~~~~~~~~~~~~~~~~~~
    + CategoryInfo          : NotSpecified: ((node:24456) [D...ts.F_OK instead 
   :String) [], RemoteException
    + FullyQualifiedErrorId : NativeCommandError
 
(Use `node --trace-deprecation ...` to show where the warning was created)
Creating an optimized production build...
Compiled with warnings.

[eslint] 
src\components\common\ApprovalStatus.jsx
  Line 2:39:  'AlertCircle' is defined but never used  no-unused-vars

src\components\shop\AttendanceScanner.jsx
  Line 1:1:  Unexpected Unicode BOM (Byte Order Mark)  unicode-bom

src\components\shop\EarningsReport.jsx
  Line 1:1:   Unexpected Unicode BOM (Byte Order Mark)                                                                          unicode-bom
  Line 2:54:  'Filter' is defined but never used                                                                                no-unused-vars
  Line 2:62:  'ChevronDown' is defined but never used                                                                           no-unused-vars
  Line 22:6:  React Hook useEffect has a missing dependency: 'fetchEarnings'. Either include it or remove the dependency array  react-hooks/exhaustive-deps

src\components\shop\LocationManager.jsx
  Line 1:1:  Unexpected Unicode BOM (Byte Order Mark)  unicode-bom

src\components\shop\MenuManager.jsx
  Line 1:1:  Unexpected Unicode BOM (Byte Order Mark)  unicode-bom

src\components\shop\OrderManager.jsx
  Line 1:1:  Unexpected Unicode BOM (Byte Order Mark)  unicode-bom

src\components\shop\PendingEditStatus.jsx
  Line 2:10:  'Clock' is defined but never used  no-unused-vars

src\components\shop\ReviewManager.jsx
  Line 1:1:  Unexpected Unicode BOM (Byte Order Mark)  unicode-bom

src\components\shop\ShopEditForm.jsx
  Line 2:13:  'MapPin' is defined but never used  no-unused-vars
  Line 2:21:  'Phone' is defined but never used   no-unused-vars
  Line 2:28:  'Clock' is defined but never used   no-unused-vars
  Line 2:35:  'Store' is defined but never used   no-unused-vars

src\components\shop\ShopMediaManager.jsx
  Line 1:1:  Unexpected Unicode BOM (Byte Order Mark)  unicode-bom

src\components\shop\SubscriptionManager.jsx
  Line 1:1:  Unexpected Unicode BOM (Byte Order Mark)  unicode-bom

src\pages\AboutUs.jsx
  Line 8:3:    'Award' is defined but never used                      no-unused-vars
  Line 15:3:   'ChevronRight' is defined but never used               no-unused-vars
  Line 17:3:   'Briefcase' is defined but never used                  no-unused-vars
  Line 18:3:   'Coffee' is defined but never used                     no-unused-vars
  Line 19:3:   'Smile' is defined but never used                      no-unused-vars
  Line 23:3:   'Phone' is defined but never used                      no-unused-vars
  Line 24:3:   'Mail' is defined but never used                       no-unused-vars
  Line 25:3:   'Facebook' is defined but never used                   no-unused-vars
  Line 26:3:   'Instagram' is defined but never used                  no-unused-vars
  Line 35:9:   'scale' is assigned a value but never used             no-unused-vars
  Line 113:9:  'fadeInUp' is assigned a value but never used          no-unused-vars
  Line 119:9:  'staggerContainer' is assigned a value but never used  no-unused-vars

src\pages\Explore.jsx
  Line 36:10:  'useAuth' is defined but never used                                                                                                                       no-unused-vars
  Line 44:10:  'refreshing' is assigned a value but never used                                                                                                           no-unused-vars
  Line 46:10:  'categories' is assigned a value but never used                                                                                                           no-unused-vars
  Line 54:10:  'activeCategory' is assigned a value but never used                                                                                                       no-unused-vars
  Line 97:6:   React Hook useCallback has a missing dependency: 'loadMoreShops'. Either include it or remove the dependency array                                        react-hooks/exhaustive-deps
  Line 103:6:  React Hook useEffect has missing dependencies: 'fetchShops' and 'getLocation'. Either include them or remove the dependency array                         react-hooks/exhaustive-deps
  Line 129:6:  React Hook useEffect has missing dependencies: 'fetchShops', 'searchDebounce', and 'setSearchParams'. Either include them or remove the dependency array  react-hooks/exhaustive-deps

src\pages\admin\AdminDashboard.jsx
  Line 11:3:   'TrendingUp' is defined but never used             no-unused-vars
  Line 14:3:   'AlertTriangle' is defined but never used          no-unused-vars
  Line 19:3:   'Filter' is defined but never used                 no-unused-vars
  Line 20:3:   'Calendar' is defined but never used               no-unused-vars
  Line 47:10:  'recentOrders' is assigned a value but never used  no-unused-vars

src\pages\admin\SecureAdminLogin.jsx
  Line 31:10:  'attempts' is assigned a value but never used  no-unused-vars

src\pages\auth\CustomerRegister.jsx
  Line 4:47:  'FaEye' is defined but never used       no-unused-vars
  Line 4:54:  'FaEyeSlash' is defined but never used  no-unused-vars

src\pages\auth\ShopOwnerLogin.jsx
  Line 11:3:  'CheckCircle2' is defined but never used  no-unused-vars
  Line 13:3:  'Shield' is defined but never used        no-unused-vars

src\pages\auth\ShopOwnerRegister.jsx
  Line 5:10:   'User' is defined but never used                       no-unused-vars
  Line 5:16:   'Mail' is defined but never used                       no-unused-vars
  Line 5:22:   'Phone' is defined but never used                      no-unused-vars
  Line 5:35:   'Eye' is defined but never used                        no-unused-vars
  Line 5:40:   'EyeOff' is defined but never used                     no-unused-vars
  Line 7:23:   'X' is defined but never used                          no-unused-vars
  Line 263:9:  'handleCityChange' is assigned a value but never used  no-unused-vars

src\pages\customer\CustomerDashboard.jsx
  Line 12:3:   'Settings' is defined but never used                no-unused-vars
  Line 24:3:   'Share2' is defined but never used                  no-unused-vars
  Line 100:9:  'getStatusIcon' is assigned a value but never used  no-unused-vars

src\pages\shop\MessPage.jsx
  Line 12:10:  'products' is assigned a value but never used                                                                     no-unused-vars
  Line 21:6:   React Hook useEffect has a missing dependency: 'fetchShopData'. Either include it or remove the dependency array  react-hooks/exhaustive-deps

src\pages\shopowner\ShopDashboard.jsx
  Line 10:3:   'TrendingUp' is defined but never used              no-unused-vars
  Line 11:3:   'Calendar' is defined but never used                no-unused-vars
  Line 12:3:   'Clock' is defined but never used                   no-unused-vars
  Line 13:3:   'CheckCircle' is defined but never used             no-unused-vars
  Line 14:3:   'AlertCircle' is defined but never used             no-unused-vars
  Line 15:3:   'ChevronRight' is defined but never used            no-unused-vars
  Line 23:3:   'MessageSquare' is defined but never used           no-unused-vars
  Line 27:3:   'Bell' is defined but never used                    no-unused-vars
  Line 28:3:   'Camera' is defined but never used                  no-unused-vars
  Line 40:8:   'ReviewManager' is defined but never used           no-unused-vars
  Line 49:10:  'subscriptions' is assigned a value but never used  no-unused-vars
  Line 50:10:  'products' is assigned a value but never used       no-unused-vars

src\pages\shopowner\ShopSetup.jsx
  Line 10:3:   'Users' is defined but never used                       no-unused-vars
  Line 13:3:   'Eye' is defined but never used                         no-unused-vars
  Line 21:11:  'user' is assigned a value but never used               no-unused-vars
  Line 161:9:  'handleMakeVisible' is assigned a value but never used  no-unused-vars

Search for the keywords to learn more about each warning.
To ignore, add // eslint-disable-next-line to the line before.

File sizes after gzip:

  211.56 kB  build\static\js\main.fc9eb2d1.js
  10.6 kB    build\static\css\main.a371402c.css
  1.76 kB    build\static\js\453.af205ec6.chunk.js

The project was built assuming it is hosted at /.
You can control this with the homepage field in your package.json.

The build folder is ready to be deployed.
You may serve it with a static server:

  npm install -g serve
  serve -s build

Find out more about deployment here:

  https://cra.link/deployment

